// Jest Snapshot v1, https://goo.gl/fbAQLP

exports[`ArtistQuestionScreen snapshot tests ArtistQuestionScreen should render 3 singers 1`] = `
<section
  className="game game--artist"
>
  <header
    className="game__header"
  >
    <a
      className="game__back"
      href="#"
    >
      <span
        className="visually-hidden"
      >
        Сыграть ещё раз
      </span>
      <img
        alt="Угадай мелодию"
        className="game__logo"
        src="img/melody-logo-ginger.png"
      />
    </a>
    <div
      className="game__mistakes"
    >
      <div
        className="wrong"
      />
      <div
        className="wrong"
      />
      <div
        className="wrong"
      />
    </div>
  </header>
  <section
    className="game__screen"
  >
    <h2
      className="game__title"
    >
      Кто исполняет эту песню?
    </h2>
    <div
      className="game__track"
    >
      <div
        className="track"
      >
        <button
          className="track__button track__button--play"
          type="button"
        />
        <div
          className="track__status"
        >
          <audio />
        </div>
      </div>
    </div>
    <form
      className="game__artist"
    >
      <div
        className="artist"
      >
        <input
          className="artist__input visually-hidden"
          id="answer-0"
          name="answer"
          type="radio"
          value="artist-0"
        />
        <label
          className="artist__name"
          htmlFor="answer-1"
          onClick={[Function]}
        >
          <img
            alt="Пелагея"
            className="artist__picture"
            src="http://placehold.it/134x134"
          />
          Пелагея
        </label>
      </div>
      <div
        className="artist"
      >
        <input
          className="artist__input visually-hidden"
          id="answer-1"
          name="answer"
          type="radio"
          value="artist-1"
        />
        <label
          className="artist__name"
          htmlFor="answer-1"
          onClick={[Function]}
        >
          <img
            alt="Краснознаменная дивизия имени моей бабушки"
            className="artist__picture"
            src="http://placehold.it/134x134"
          />
          Краснознаменная дивизия имени моей бабушки
        </label>
      </div>
      <div
        className="artist"
      >
        <input
          className="artist__input visually-hidden"
          id="answer-2"
          name="answer"
          type="radio"
          value="artist-2"
        />
        <label
          className="artist__name"
          htmlFor="answer-1"
          onClick={[Function]}
        >
          <img
            alt="Lorde"
            className="artist__picture"
            src="http://placehold.it/134x134"
          />
          Lorde
        </label>
      </div>
    </form>
  </section>
</section>
`;
