// Jest Snapshot v1, https://goo.gl/fbAQLP

exports[`App snapshot tests App should show Auth screen 1`] = `
<section
  className="login"
>
  <div
    className="login__logo"
  >
    <img
      alt="Угадай мелодию"
      height="83"
      src="img/melody-logo.png"
      width="186"
    />
  </div>
  <h2
    className="login__title"
  >
    Вы настоящий меломан!
  </h2>
  <p
    className="login__text"
  >
    Хотите узнать свой результат? Представьтесь!
  </p>
  <form
    action=""
    className="login__form"
    onSubmit={[Function]}
  >
    <p
      className="login__field"
    >
      <label
        className="login__label"
        htmlFor="name"
      >
        Логин
      </label>
      <input
        className="login__input"
        id="name"
        name="name"
        type="text"
      />
    </p>
    <p
      className="login__field"
    >
      <label
        className="login__label"
        htmlFor="password"
      >
        Пароль
      </label>
      <input
        className="login__input"
        id="password"
        name="password"
        type="password"
      />
      <span
        className="login__error"
      >
        Неверный пароль
      </span>
    </p>
    <button
      className="login__button button"
      type="submit"
    >
      Войти
    </button>
  </form>
  <button
    className="replay"
    onClick={[Function]}
    type="button"
  >
    Сыграть ещё раз
  </button>
</section>
`;

exports[`App snapshot tests App should show WelcomeScreen 1`] = `
<section
  className="welcome"
>
  <div
    className="welcome__logo"
  >
    <img
      alt="Угадай мелодию"
      height="83"
      src="img/melody-logo.png"
      width="186"
    />
  </div>
  <button
    className="welcome__button"
    onClick={[Function]}
  >
    <span
      className="visually-hidden"
    >
      Начать игру
    </span>
  </button>
  <h2
    className="welcome__rules-title"
  >
    Правила игры
  </h2>
  <p
    className="welcome__text"
  >
    Правила просты:
  </p>
  <ul
    className="welcome__rules-list"
  >
    <li>
      Нужно ответить на все вопросы.
    </li>
    <li>
      Можно допустить 
      3
       ошибки.
    </li>
  </ul>
  <p
    className="welcome__text"
  >
    Удачи!
  </p>
</section>
`;
