// Jest Snapshot v1, https://goo.gl/fbAQLP

exports[`WinScreen snapshot tests WinScreen should render 6 questions ant 2 errors 1`] = `
<section
  className="result"
>
  <div
    className="result__logo"
  >
    <img
      alt="Угадай мелодию"
      height="83"
      src="img/melody-logo.png"
      width="186"
    />
  </div>
  <h2
    className="result__title"
  >
    Вы настоящий меломан!
  </h2>
  <p
    className="result__total"
  >
    Вы ответили правильно на 6 вопросов и совершили 2 ошибки
  </p>
  <button
    className="replay"
    onClick={[Function]}
    type="button"
  >
    Сыграть ещё раз
  </button>
</section>
`;
